java.lang.NullPointerException
	at Selenium_Example.readExcel(Selenium_Example.java:177)
	at Selenium_Example.main(Selenium_Example.java:52)
